[1/20] OK  gold=391 final=391 7s
[2/20] OK  gold=1045 final=1045 18s
[3/20] OK  gold=1024 final=1024 27s
[4/20] OK  gold=7744 final=7744 36s
[5/20] OK  gold=2 final=2 43s
[6/20] FAIL gold=42 final={"tool":"calculator","args":{"expr":"7*6"}}  
{"final":42} 46s
[7/20] FAIL gold=768 final={"tool":"calculator","args":{"expr":"1024-256"}}  
{"final":768} 47s
[8/20] OK  gold=9801 final=9801 50s
[9/20] OK  gold=121 final=121 53s
[10/20] OK  gold=169 final=169 56s
[11/20] OK  gold=999 final=999 60s
[12/20] FAIL gold=81 final={"tool":"calculator","args":{"expr":"3**4"}}{"final":81} 61s
[13/20] OK  gold=25 final=25.0 65s
[14/20] OK  gold=1900 final=1900 70s
[15/20] OK  gold=60 final=60 74s
[16/20] FAIL gold=8765 final={"tool":"calculator","args":{"expr":"9999 - 1234"}}  
{"final":"8765"} 78s
[17/20] OK  gold=6912 final=6912 82s
[18/20] OK  gold=12 final=12 86s
[19/20] FAIL gold=256 final={"tool":"calculator","args":{"expr":"2**8"}}
{"final":"256"} 90s
[20/20] OK  gold=25 final=25 97s
{"config": "static", "n": 20, "correct": 15, "accuracy": 0.75, "seconds": 97.4}
